[backblue.gif]
[fade.gif]
[index.html]
[storage.googleapis.com/strangeloop2017/slide0.html]
[storage.googleapis.com/strangeloop2017/img/slide0.png]
[storage.googleapis.com/strangeloop2017/transition.js]
[storage.googleapis.com/strangeloop2017/img/slide1.png]
[storage.googleapis.com/strangeloop2017/slide1.html]
[storage.googleapis.com/strangeloop2017/img/slide2.png]
[storage.googleapis.com/strangeloop2017/slide2.html]
[storage.googleapis.com/strangeloop2017/lodash.min.js]
[storage.googleapis.com/strangeloop2017/lib/Server.js]
[storage.googleapis.com/strangeloop2017/lib/Request.js]
[storage.googleapis.com/strangeloop2017/lib/WindowHistogram.js]
[storage.googleapis.com/strangeloop2017/lib/HeatMap.js]
[storage.googleapis.com/strangeloop2017/lib/SlidingMedian.js]
[storage.googleapis.com/strangeloop2017/lib/Stats.js]
[storage.googleapis.com/strangeloop2017/lib/LatencyPlot.js]
[storage.googleapis.com/strangeloop2017/defaultConfig.js]
[storage.googleapis.com/strangeloop2017/lib/Main.js]
[storage.googleapis.com/strangeloop2017/slide3.html]
[storage.googleapis.com/strangeloop2017/img/slide4.png]
[storage.googleapis.com/strangeloop2017/slide4.html]
[storage.googleapis.com/strangeloop2017/slide5.html]
[storage.googleapis.com/strangeloop2017/img/slide6.png]
[storage.googleapis.com/strangeloop2017/slide6.html]
[storage.googleapis.com/strangeloop2017/img/slide7.png]
[storage.googleapis.com/strangeloop2017/slide7.html]
[storage.googleapis.com/strangeloop2017/img/slide8.png]
[storage.googleapis.com/strangeloop2017/slide8.html]
[storage.googleapis.com/strangeloop2017/img/slide9.png]
[storage.googleapis.com/strangeloop2017/slide9.html]
[storage.googleapis.com/strangeloop2017/slide10.html]
[storage.googleapis.com/strangeloop2017/img/slide11.png]
[storage.googleapis.com/strangeloop2017/slide11.html]
[storage.googleapis.com/strangeloop2017/slide12.html]
[storage.googleapis.com/strangeloop2017/img/slide13.png]
[storage.googleapis.com/strangeloop2017/slide13.html]
[storage.googleapis.com/strangeloop2017/slide14.html]
[storage.googleapis.com/strangeloop2017/img/slide15.png]
[storage.googleapis.com/strangeloop2017/slide15.html]
[storage.googleapis.com/strangeloop2017/slide16.html]
[storage.googleapis.com/strangeloop2017/img/slide17.png]
[storage.googleapis.com/strangeloop2017/slide17.html]
[storage.googleapis.com/strangeloop2017/img/slide18.png]
[storage.googleapis.com/strangeloop2017/slide18.html]
[storage.googleapis.com/strangeloop2017/img/slide19.png]
[storage.googleapis.com/strangeloop2017/slide19.html]
[storage.googleapis.com/strangeloop2017/img/slide20.png]
[storage.googleapis.com/strangeloop2017/slide20.html]
[storage.googleapis.com/strangeloop2017/img/slide21.png]
[storage.googleapis.com/strangeloop2017/slide21.html]
[storage.googleapis.com/strangeloop2017/img/slide22.png]
[storage.googleapis.com/strangeloop2017/slide22.html]
[storage.googleapis.com/strangeloop2017/img/slide23.png]
[storage.googleapis.com/strangeloop2017/slide23.html]
[storage.googleapis.com/strangeloop2017/img/slide24.png]
[storage.googleapis.com/strangeloop2017/slide24.html]
[storage.googleapis.com/strangeloop2017/img/slide25.png]
[storage.googleapis.com/strangeloop2017/slide25.html]
[storage.googleapis.com/strangeloop2017/img/slide26.png]
[storage.googleapis.com/strangeloop2017/slide26.html]
[storage.googleapis.com/strangeloop2017/img/slide27.png]
[storage.googleapis.com/strangeloop2017/slide27.html]
[storage.googleapis.com/strangeloop2017/img/slide28.png]
[storage.googleapis.com/strangeloop2017/slide28.html]
[storage.googleapis.com/strangeloop2017/img/slide29.png]
[storage.googleapis.com/strangeloop2017/slide29.html]
[storage.googleapis.com/strangeloop2017/img/slide30.png]
[storage.googleapis.com/strangeloop2017/slide30.html]
[storage.googleapis.com/strangeloop2017/img/slide31.png]
[storage.googleapis.com/strangeloop2017/slide31.html]
[storage.googleapis.com/strangeloop2017/img/slide32.png]
[storage.googleapis.com/strangeloop2017/slide32.html]
[storage.googleapis.com/strangeloop2017/img/slide33.png]
[storage.googleapis.com/strangeloop2017/slide33.html]
[storage.googleapis.com/strangeloop2017/slide34.html]
[storage.googleapis.com/strangeloop2017/img/slide35.png]
[storage.googleapis.com/strangeloop2017/slide35.html]
[storage.googleapis.com/strangeloop2017/img/slide36.png]
[storage.googleapis.com/strangeloop2017/slide36.html]
[storage.googleapis.com/strangeloop2017/img/slide37.png]
[storage.googleapis.com/strangeloop2017/slide37.html]
[storage.googleapis.com/strangeloop2017/img/slide38.png]
[storage.googleapis.com/strangeloop2017/slide38.html]
[storage.googleapis.com/strangeloop2017/img/slide39.png]
[storage.googleapis.com/strangeloop2017/slide39.html]
[storage.googleapis.com/strangeloop2017/img/slide40.png]
[storage.googleapis.com/strangeloop2017/slide40.html]
[storage.googleapis.com/strangeloop2017/img/slide41.png]
[storage.googleapis.com/strangeloop2017/slide41.html]
[storage.googleapis.com/strangeloop2017/img/slide42.png]
[storage.googleapis.com/strangeloop2017/slide42.html]
[storage.googleapis.com/strangeloop2017/img/slide43.png]
[storage.googleapis.com/strangeloop2017/slide43.html]
[storage.googleapis.com/strangeloop2017/img/slide44.png]
[storage.googleapis.com/strangeloop2017/slide44.html]
[storage.googleapis.com/strangeloop2017/img/slide45.png]
[storage.googleapis.com/strangeloop2017/slide45.html]
[storage.googleapis.com/strangeloop2017/img/slide46.png]
[storage.googleapis.com/strangeloop2017/slide46.html]
[storage.googleapis.com/strangeloop2017/img/slide47.png]
[storage.googleapis.com/strangeloop2017/slide47.html]
[storage.googleapis.com/strangeloop2017/img/slide48.png]
[storage.googleapis.com/strangeloop2017/slide48.html]
[storage.googleapis.com/strangeloop2017/img/slide49.png]
[storage.googleapis.com/strangeloop2017/slide49.html]
[storage.googleapis.com/strangeloop2017/img/slide50.png]
[storage.googleapis.com/strangeloop2017/slide50.html]
[storage.googleapis.com/strangeloop2017/img/slide51.png]
[storage.googleapis.com/strangeloop2017/slide51.html]
[storage.googleapis.com/strangeloop2017/img/slide52.png]
[storage.googleapis.com/strangeloop2017/slide52.html]
[storage.googleapis.com/strangeloop2017/slide53.html]
[storage.googleapis.com/strangeloop2017/img/slide54.png]
[storage.googleapis.com/strangeloop2017/slide54.html]
[storage.googleapis.com/strangeloop2017/img/slide55.png]
[storage.googleapis.com/strangeloop2017/slide55.html]
[storage.googleapis.com/strangeloop2017/img/slide56.png]
[storage.googleapis.com/strangeloop2017/slide56.html]
[storage.googleapis.com/strangeloop2017/img/slide57.png]
[storage.googleapis.com/strangeloop2017/slide57.html]
[storage.googleapis.com/strangeloop2017/img/slide58.png]
[storage.googleapis.com/strangeloop2017/slide58.html]
[storage.googleapis.com/strangeloop2017/img/slide59.png]
[storage.googleapis.com/strangeloop2017/slide59.html]
[storage.googleapis.com/strangeloop2017/img/slide60.png]
[storage.googleapis.com/strangeloop2017/slide60.html]
